2025-03-04 05:08:38,153 - INFO - ===== Start Extracting education_status data =====
2025-03-04 05:08:38,421 - ERROR - ====== Failed to Extract Data ======
2025-03-04 05:08:38,422 - ERROR - An error occurred while calling o28.jdbc.
: org.postgresql.util.PSQLException: Unable to parse URL jdbc:postgresql://:/
	at org.postgresql.Driver.connect(Driver.java:280)
	at org.apache.spark.sql.execution.datasources.jdbc.connection.BasicConnectionProvider.getConnection(BasicConnectionProvider.scala:49)
	at org.apache.spark.sql.execution.datasources.jdbc.connection.ConnectionProviderBase.create(ConnectionProvider.scala:102)
	at org.apache.spark.sql.jdbc.JdbcDialect.$anonfun$createConnectionFactory$1(JdbcDialects.scala:160)
	at org.apache.spark.sql.jdbc.JdbcDialect.$anonfun$createConnectionFactory$1$adapted(JdbcDialects.scala:156)
	at org.apache.spark.sql.execution.datasources.jdbc.JDBCRDD$.getQueryOutputSchema(JDBCRDD.scala:63)
	at org.apache.spark.sql.execution.datasources.jdbc.JDBCRDD$.resolveTable(JDBCRDD.scala:58)
	at org.apache.spark.sql.execution.datasources.jdbc.JDBCRelation$.getSchema(JDBCRelation.scala:241)
	at org.apache.spark.sql.execution.datasources.jdbc.JdbcRelationProvider.createRelation(JdbcRelationProvider.scala:37)
	at org.apache.spark.sql.execution.datasources.DataSource.resolveRelation(DataSource.scala:346)
	at org.apache.spark.sql.DataFrameReader.loadV1Source(DataFrameReader.scala:229)
	at org.apache.spark.sql.DataFrameReader.$anonfun$load$2(DataFrameReader.scala:211)
	at scala.Option.getOrElse(Option.scala:189)
	at org.apache.spark.sql.DataFrameReader.load(DataFrameReader.scala:211)
	at org.apache.spark.sql.DataFrameReader.load(DataFrameReader.scala:172)
	at org.apache.spark.sql.DataFrameReader.jdbc(DataFrameReader.scala:249)
	at java.base/jdk.internal.reflect.NativeMethodAccessorImpl.invoke0(Native Method)
	at java.base/jdk.internal.reflect.NativeMethodAccessorImpl.invoke(NativeMethodAccessorImpl.java:77)
	at java.base/jdk.internal.reflect.DelegatingMethodAccessorImpl.invoke(DelegatingMethodAccessorImpl.java:43)
	at java.base/java.lang.reflect.Method.invoke(Method.java:568)
	at py4j.reflection.MethodInvoker.invoke(MethodInvoker.java:244)
	at py4j.reflection.ReflectionEngine.invoke(ReflectionEngine.java:374)
	at py4j.Gateway.invoke(Gateway.java:282)
	at py4j.commands.AbstractCommand.invokeMethod(AbstractCommand.java:132)
	at py4j.commands.CallCommand.execute(CallCommand.java:79)
	at py4j.ClientServerConnection.waitForCommands(ClientServerConnection.java:182)
	at py4j.ClientServerConnection.run(ClientServerConnection.java:106)
	at java.base/java.lang.Thread.run(Thread.java:833)

2025-03-04 05:09:41,217 - INFO - ===== Start Extracting education_status data =====
2025-03-04 05:09:41,276 - ERROR - ====== Failed to Extract Data ======
2025-03-04 05:09:41,276 - ERROR - An error occurred while calling o35.jdbc.
: org.postgresql.util.PSQLException: Unable to parse URL jdbc:postgresql://:/
	at org.postgresql.Driver.connect(Driver.java:280)
	at org.apache.spark.sql.execution.datasources.jdbc.connection.BasicConnectionProvider.getConnection(BasicConnectionProvider.scala:49)
	at org.apache.spark.sql.execution.datasources.jdbc.connection.ConnectionProviderBase.create(ConnectionProvider.scala:102)
	at org.apache.spark.sql.jdbc.JdbcDialect.$anonfun$createConnectionFactory$1(JdbcDialects.scala:160)
	at org.apache.spark.sql.jdbc.JdbcDialect.$anonfun$createConnectionFactory$1$adapted(JdbcDialects.scala:156)
	at org.apache.spark.sql.execution.datasources.jdbc.JDBCRDD$.getQueryOutputSchema(JDBCRDD.scala:63)
	at org.apache.spark.sql.execution.datasources.jdbc.JDBCRDD$.resolveTable(JDBCRDD.scala:58)
	at org.apache.spark.sql.execution.datasources.jdbc.JDBCRelation$.getSchema(JDBCRelation.scala:241)
	at org.apache.spark.sql.execution.datasources.jdbc.JdbcRelationProvider.createRelation(JdbcRelationProvider.scala:37)
	at org.apache.spark.sql.execution.datasources.DataSource.resolveRelation(DataSource.scala:346)
	at org.apache.spark.sql.DataFrameReader.loadV1Source(DataFrameReader.scala:229)
	at org.apache.spark.sql.DataFrameReader.$anonfun$load$2(DataFrameReader.scala:211)
	at scala.Option.getOrElse(Option.scala:189)
	at org.apache.spark.sql.DataFrameReader.load(DataFrameReader.scala:211)
	at org.apache.spark.sql.DataFrameReader.load(DataFrameReader.scala:172)
	at org.apache.spark.sql.DataFrameReader.jdbc(DataFrameReader.scala:249)
	at java.base/jdk.internal.reflect.NativeMethodAccessorImpl.invoke0(Native Method)
	at java.base/jdk.internal.reflect.NativeMethodAccessorImpl.invoke(NativeMethodAccessorImpl.java:77)
	at java.base/jdk.internal.reflect.DelegatingMethodAccessorImpl.invoke(DelegatingMethodAccessorImpl.java:43)
	at java.base/java.lang.reflect.Method.invoke(Method.java:568)
	at py4j.reflection.MethodInvoker.invoke(MethodInvoker.java:244)
	at py4j.reflection.ReflectionEngine.invoke(ReflectionEngine.java:374)
	at py4j.Gateway.invoke(Gateway.java:282)
	at py4j.commands.AbstractCommand.invokeMethod(AbstractCommand.java:132)
	at py4j.commands.CallCommand.execute(CallCommand.java:79)
	at py4j.ClientServerConnection.waitForCommands(ClientServerConnection.java:182)
	at py4j.ClientServerConnection.run(ClientServerConnection.java:106)
	at java.base/java.lang.Thread.run(Thread.java:833)

2025-03-04 05:11:13,456 - INFO - ===== Start Extracting education_status data =====
2025-03-04 05:11:13,814 - ERROR - ====== Failed to Extract Data ======
2025-03-04 05:11:13,815 - ERROR - An error occurred while calling o28.jdbc.
: org.postgresql.util.PSQLException: Unable to parse URL jdbc:postgresql://:/
	at org.postgresql.Driver.connect(Driver.java:280)
	at org.apache.spark.sql.execution.datasources.jdbc.connection.BasicConnectionProvider.getConnection(BasicConnectionProvider.scala:49)
	at org.apache.spark.sql.execution.datasources.jdbc.connection.ConnectionProviderBase.create(ConnectionProvider.scala:102)
	at org.apache.spark.sql.jdbc.JdbcDialect.$anonfun$createConnectionFactory$1(JdbcDialects.scala:160)
	at org.apache.spark.sql.jdbc.JdbcDialect.$anonfun$createConnectionFactory$1$adapted(JdbcDialects.scala:156)
	at org.apache.spark.sql.execution.datasources.jdbc.JDBCRDD$.getQueryOutputSchema(JDBCRDD.scala:63)
	at org.apache.spark.sql.execution.datasources.jdbc.JDBCRDD$.resolveTable(JDBCRDD.scala:58)
	at org.apache.spark.sql.execution.datasources.jdbc.JDBCRelation$.getSchema(JDBCRelation.scala:241)
	at org.apache.spark.sql.execution.datasources.jdbc.JdbcRelationProvider.createRelation(JdbcRelationProvider.scala:37)
	at org.apache.spark.sql.execution.datasources.DataSource.resolveRelation(DataSource.scala:346)
	at org.apache.spark.sql.DataFrameReader.loadV1Source(DataFrameReader.scala:229)
	at org.apache.spark.sql.DataFrameReader.$anonfun$load$2(DataFrameReader.scala:211)
	at scala.Option.getOrElse(Option.scala:189)
	at org.apache.spark.sql.DataFrameReader.load(DataFrameReader.scala:211)
	at org.apache.spark.sql.DataFrameReader.load(DataFrameReader.scala:172)
	at org.apache.spark.sql.DataFrameReader.jdbc(DataFrameReader.scala:249)
	at java.base/jdk.internal.reflect.NativeMethodAccessorImpl.invoke0(Native Method)
	at java.base/jdk.internal.reflect.NativeMethodAccessorImpl.invoke(NativeMethodAccessorImpl.java:77)
	at java.base/jdk.internal.reflect.DelegatingMethodAccessorImpl.invoke(DelegatingMethodAccessorImpl.java:43)
	at java.base/java.lang.reflect.Method.invoke(Method.java:568)
	at py4j.reflection.MethodInvoker.invoke(MethodInvoker.java:244)
	at py4j.reflection.ReflectionEngine.invoke(ReflectionEngine.java:374)
	at py4j.Gateway.invoke(Gateway.java:282)
	at py4j.commands.AbstractCommand.invokeMethod(AbstractCommand.java:132)
	at py4j.commands.CallCommand.execute(CallCommand.java:79)
	at py4j.ClientServerConnection.waitForCommands(ClientServerConnection.java:182)
	at py4j.ClientServerConnection.run(ClientServerConnection.java:106)
	at java.base/java.lang.Thread.run(Thread.java:833)

2025-03-04 05:14:43,968 - INFO - ===== Start Extracting education_status data =====
2025-03-04 05:14:44,182 - ERROR - ====== Failed to Extract Data ======
2025-03-04 05:14:44,183 - ERROR - An error occurred while calling o28.jdbc.
: org.postgresql.util.PSQLException: Unable to parse URL jdbc:postgresql://:/
	at org.postgresql.Driver.connect(Driver.java:280)
	at org.apache.spark.sql.execution.datasources.jdbc.connection.BasicConnectionProvider.getConnection(BasicConnectionProvider.scala:49)
	at org.apache.spark.sql.execution.datasources.jdbc.connection.ConnectionProviderBase.create(ConnectionProvider.scala:102)
	at org.apache.spark.sql.jdbc.JdbcDialect.$anonfun$createConnectionFactory$1(JdbcDialects.scala:160)
	at org.apache.spark.sql.jdbc.JdbcDialect.$anonfun$createConnectionFactory$1$adapted(JdbcDialects.scala:156)
	at org.apache.spark.sql.execution.datasources.jdbc.JDBCRDD$.getQueryOutputSchema(JDBCRDD.scala:63)
	at org.apache.spark.sql.execution.datasources.jdbc.JDBCRDD$.resolveTable(JDBCRDD.scala:58)
	at org.apache.spark.sql.execution.datasources.jdbc.JDBCRelation$.getSchema(JDBCRelation.scala:241)
	at org.apache.spark.sql.execution.datasources.jdbc.JdbcRelationProvider.createRelation(JdbcRelationProvider.scala:37)
	at org.apache.spark.sql.execution.datasources.DataSource.resolveRelation(DataSource.scala:346)
	at org.apache.spark.sql.DataFrameReader.loadV1Source(DataFrameReader.scala:229)
	at org.apache.spark.sql.DataFrameReader.$anonfun$load$2(DataFrameReader.scala:211)
	at scala.Option.getOrElse(Option.scala:189)
	at org.apache.spark.sql.DataFrameReader.load(DataFrameReader.scala:211)
	at org.apache.spark.sql.DataFrameReader.load(DataFrameReader.scala:172)
	at org.apache.spark.sql.DataFrameReader.jdbc(DataFrameReader.scala:249)
	at java.base/jdk.internal.reflect.NativeMethodAccessorImpl.invoke0(Native Method)
	at java.base/jdk.internal.reflect.NativeMethodAccessorImpl.invoke(NativeMethodAccessorImpl.java:77)
	at java.base/jdk.internal.reflect.DelegatingMethodAccessorImpl.invoke(DelegatingMethodAccessorImpl.java:43)
	at java.base/java.lang.reflect.Method.invoke(Method.java:568)
	at py4j.reflection.MethodInvoker.invoke(MethodInvoker.java:244)
	at py4j.reflection.ReflectionEngine.invoke(ReflectionEngine.java:374)
	at py4j.Gateway.invoke(Gateway.java:282)
	at py4j.commands.AbstractCommand.invokeMethod(AbstractCommand.java:132)
	at py4j.commands.CallCommand.execute(CallCommand.java:79)
	at py4j.ClientServerConnection.waitForCommands(ClientServerConnection.java:182)
	at py4j.ClientServerConnection.run(ClientServerConnection.java:106)
	at java.base/java.lang.Thread.run(Thread.java:833)

2025-03-04 05:17:57,210 - INFO - ===== Start Extracting education_status data =====
2025-03-04 05:17:57,467 - ERROR - ====== Failed to Extract Data ======
2025-03-04 05:17:57,468 - ERROR - An error occurred while calling o28.jdbc.
: org.postgresql.util.PSQLException: Unable to parse URL jdbc:postgresql://:/
	at org.postgresql.Driver.connect(Driver.java:280)
	at org.apache.spark.sql.execution.datasources.jdbc.connection.BasicConnectionProvider.getConnection(BasicConnectionProvider.scala:49)
	at org.apache.spark.sql.execution.datasources.jdbc.connection.ConnectionProviderBase.create(ConnectionProvider.scala:102)
	at org.apache.spark.sql.jdbc.JdbcDialect.$anonfun$createConnectionFactory$1(JdbcDialects.scala:160)
	at org.apache.spark.sql.jdbc.JdbcDialect.$anonfun$createConnectionFactory$1$adapted(JdbcDialects.scala:156)
	at org.apache.spark.sql.execution.datasources.jdbc.JDBCRDD$.getQueryOutputSchema(JDBCRDD.scala:63)
	at org.apache.spark.sql.execution.datasources.jdbc.JDBCRDD$.resolveTable(JDBCRDD.scala:58)
	at org.apache.spark.sql.execution.datasources.jdbc.JDBCRelation$.getSchema(JDBCRelation.scala:241)
	at org.apache.spark.sql.execution.datasources.jdbc.JdbcRelationProvider.createRelation(JdbcRelationProvider.scala:37)
	at org.apache.spark.sql.execution.datasources.DataSource.resolveRelation(DataSource.scala:346)
	at org.apache.spark.sql.DataFrameReader.loadV1Source(DataFrameReader.scala:229)
	at org.apache.spark.sql.DataFrameReader.$anonfun$load$2(DataFrameReader.scala:211)
	at scala.Option.getOrElse(Option.scala:189)
	at org.apache.spark.sql.DataFrameReader.load(DataFrameReader.scala:211)
	at org.apache.spark.sql.DataFrameReader.load(DataFrameReader.scala:172)
	at org.apache.spark.sql.DataFrameReader.jdbc(DataFrameReader.scala:249)
	at java.base/jdk.internal.reflect.NativeMethodAccessorImpl.invoke0(Native Method)
	at java.base/jdk.internal.reflect.NativeMethodAccessorImpl.invoke(NativeMethodAccessorImpl.java:77)
	at java.base/jdk.internal.reflect.DelegatingMethodAccessorImpl.invoke(DelegatingMethodAccessorImpl.java:43)
	at java.base/java.lang.reflect.Method.invoke(Method.java:568)
	at py4j.reflection.MethodInvoker.invoke(MethodInvoker.java:244)
	at py4j.reflection.ReflectionEngine.invoke(ReflectionEngine.java:374)
	at py4j.Gateway.invoke(Gateway.java:282)
	at py4j.commands.AbstractCommand.invokeMethod(AbstractCommand.java:132)
	at py4j.commands.CallCommand.execute(CallCommand.java:79)
	at py4j.ClientServerConnection.waitForCommands(ClientServerConnection.java:182)
	at py4j.ClientServerConnection.run(ClientServerConnection.java:106)
	at java.base/java.lang.Thread.run(Thread.java:833)

2025-03-04 05:19:20,104 - INFO - ===== Start Extracting education_status data =====
2025-03-04 05:19:20,349 - ERROR - ====== Failed to Extract Data ======
2025-03-04 05:19:20,349 - ERROR - An error occurred while calling o28.jdbc.
: org.postgresql.util.PSQLException: Unable to parse URL jdbc:postgresql://:/
	at org.postgresql.Driver.connect(Driver.java:280)
	at org.apache.spark.sql.execution.datasources.jdbc.connection.BasicConnectionProvider.getConnection(BasicConnectionProvider.scala:49)
	at org.apache.spark.sql.execution.datasources.jdbc.connection.ConnectionProviderBase.create(ConnectionProvider.scala:102)
	at org.apache.spark.sql.jdbc.JdbcDialect.$anonfun$createConnectionFactory$1(JdbcDialects.scala:160)
	at org.apache.spark.sql.jdbc.JdbcDialect.$anonfun$createConnectionFactory$1$adapted(JdbcDialects.scala:156)
	at org.apache.spark.sql.execution.datasources.jdbc.JDBCRDD$.getQueryOutputSchema(JDBCRDD.scala:63)
	at org.apache.spark.sql.execution.datasources.jdbc.JDBCRDD$.resolveTable(JDBCRDD.scala:58)
	at org.apache.spark.sql.execution.datasources.jdbc.JDBCRelation$.getSchema(JDBCRelation.scala:241)
	at org.apache.spark.sql.execution.datasources.jdbc.JdbcRelationProvider.createRelation(JdbcRelationProvider.scala:37)
	at org.apache.spark.sql.execution.datasources.DataSource.resolveRelation(DataSource.scala:346)
	at org.apache.spark.sql.DataFrameReader.loadV1Source(DataFrameReader.scala:229)
	at org.apache.spark.sql.DataFrameReader.$anonfun$load$2(DataFrameReader.scala:211)
	at scala.Option.getOrElse(Option.scala:189)
	at org.apache.spark.sql.DataFrameReader.load(DataFrameReader.scala:211)
	at org.apache.spark.sql.DataFrameReader.load(DataFrameReader.scala:172)
	at org.apache.spark.sql.DataFrameReader.jdbc(DataFrameReader.scala:249)
	at java.base/jdk.internal.reflect.NativeMethodAccessorImpl.invoke0(Native Method)
	at java.base/jdk.internal.reflect.NativeMethodAccessorImpl.invoke(NativeMethodAccessorImpl.java:77)
	at java.base/jdk.internal.reflect.DelegatingMethodAccessorImpl.invoke(DelegatingMethodAccessorImpl.java:43)
	at java.base/java.lang.reflect.Method.invoke(Method.java:568)
	at py4j.reflection.MethodInvoker.invoke(MethodInvoker.java:244)
	at py4j.reflection.ReflectionEngine.invoke(ReflectionEngine.java:374)
	at py4j.Gateway.invoke(Gateway.java:282)
	at py4j.commands.AbstractCommand.invokeMethod(AbstractCommand.java:132)
	at py4j.commands.CallCommand.execute(CallCommand.java:79)
	at py4j.ClientServerConnection.waitForCommands(ClientServerConnection.java:182)
	at py4j.ClientServerConnection.run(ClientServerConnection.java:106)
	at java.base/java.lang.Thread.run(Thread.java:833)

2025-03-04 05:21:21,402 - INFO - ===== Start Extracting education_status data =====
2025-03-04 05:21:23,324 - INFO - ===== Finish Extracting education_status data =====
2025-03-04 05:21:23,329 - INFO - ===== Start Extracting marital_status data =====
2025-03-04 05:21:23,400 - INFO - ===== Finish Extracting marital_status data =====
2025-03-04 05:21:23,406 - INFO - ===== Start Extracting marketing_campaign_deposit data =====
2025-03-04 05:21:23,496 - INFO - ===== Finish Extracting marketing_campaign_deposit data =====
2025-03-04 05:21:23,501 - INFO - ===== Start Extracting new_bank_transaction data =====
2025-03-04 05:21:29,470 - INFO - ===== Finish Extracting new_bank_transaction data =====
2025-03-04 05:21:29,534 - ERROR - ===== Failed Load data to the database =====
2025-03-04 05:21:29,535 - ERROR - No module named 'psycopg2'
2025-03-04 05:26:56,377 - INFO - ===== Start Extracting education_status data =====
2025-03-04 05:26:58,038 - INFO - ===== Finish Extracting education_status data =====
2025-03-04 05:26:58,045 - INFO - ===== Start Extracting marital_status data =====
2025-03-04 05:26:58,144 - INFO - ===== Finish Extracting marital_status data =====
2025-03-04 05:26:58,151 - INFO - ===== Start Extracting marketing_campaign_deposit data =====
2025-03-04 05:26:58,256 - INFO - ===== Finish Extracting marketing_campaign_deposit data =====
2025-03-04 05:26:58,261 - INFO - ===== Start Extracting new_bank_transaction data =====
2025-03-04 05:27:03,734 - INFO - ===== Finish Extracting new_bank_transaction data =====
2025-03-04 05:27:03,792 - ERROR - ===== Failed Load data to the database =====
2025-03-04 05:27:03,793 - ERROR - No module named 'psycopg2'
2025-03-04 05:29:34,191 - INFO - ===== Start Extracting education_status data =====
2025-03-04 05:29:35,710 - INFO - ===== Finish Extracting education_status data =====
2025-03-04 05:29:35,715 - INFO - ===== Start Extracting marital_status data =====
2025-03-04 05:29:35,816 - INFO - ===== Finish Extracting marital_status data =====
2025-03-04 05:29:35,820 - INFO - ===== Start Extracting marketing_campaign_deposit data =====
2025-03-04 05:29:35,932 - INFO - ===== Finish Extracting marketing_campaign_deposit data =====
2025-03-04 05:29:35,938 - INFO - ===== Start Extracting new_bank_transaction data =====
2025-03-04 05:29:40,668 - INFO - ===== Finish Extracting new_bank_transaction data =====
2025-03-04 05:29:40,742 - INFO - ===== Start Load data to the database =====
2025-03-04 05:29:41,483 - INFO - ===== Finish Load data to the database =====
2025-03-04 05:29:41,485 - INFO - ===== Start Load data to the database =====
2025-03-04 05:29:41,786 - INFO - ===== Finish Load data to the database =====
2025-03-04 05:29:41,789 - INFO - ===== Start Renaming Columns based on the requirements =====
2025-03-04 05:29:41,861 - INFO - ===== Start Transforming balance column =====
2025-03-04 05:29:41,957 - INFO - ===== Start Transforming duration column =====
2025-03-04 05:29:42,027 - INFO - ===== Start Transforming Customers based on the requirements =====
2025-03-04 05:29:42,533 - INFO - ===== Start Transforming Customers based on the requirements =====
2025-03-04 05:29:42,693 - INFO - ===== Start Load data to the database =====
2025-03-04 05:29:47,148 - INFO - ===== Finish Load data to the database =====
2025-03-04 05:29:47,150 - INFO - ===== Start Load data to the database =====
2025-03-04 05:30:21,217 - INFO - ===== Finish Load data to the database =====
2025-03-04 05:30:21,218 - INFO - ===== Start Load data to the database =====
2025-03-04 05:30:47,859 - INFO - ===== Finish Load data to the database =====
[2026-05-25 09:18:08,871] [INFO] Extracting table: marital_status
[2026-05-25 09:18:10,326] [INFO]   → 3 rows, 4 columns
[2026-05-25 09:18:10,328] [INFO] Extracting table: education_status
[2026-05-25 09:18:10,651] [INFO]   → 4 rows, 4 columns
[2026-05-25 09:18:10,652] [INFO] Extracting table: marketing_campaign_deposit
[2026-05-25 09:18:10,988] [INFO]   → 45211 rows, 20 columns
[2026-05-25 09:23:16,792] [INFO] Extracting table: marital_status
[2026-05-25 09:23:17,313] [INFO] Finished extracting data from table marital_status: 3 rows, 4 columns
[2026-05-25 09:23:17,315] [INFO] Extracting table: education_status
[2026-05-25 09:23:17,543] [INFO] Finished extracting data from table education_status: 4 rows, 4 columns
[2026-05-25 09:23:17,544] [INFO] Extracting table: marketing_campaign_deposit
[2026-05-25 09:23:17,677] [INFO] Finished extracting data from table marketing_campaign_deposit: 45211 rows, 20 columns
[2026-05-25 10:18:43,593] [ERROR] No such comm target registered: jupyter.widget.control
[2026-05-25 10:18:43,683] [WARNING] No such comm: 083f64a4-1dc9-4bb9-8b63-fda86857e4a9
[2026-05-25 12:36:47,337] [ERROR] No such comm target registered: jupyter.widget.control
[2026-05-25 12:36:47,357] [WARNING] No such comm: 1da8b034-17bf-4623-8dc1-16dea25076b1
[2026-05-26 04:38:11,409] [INFO] Error while receiving.
Traceback (most recent call last):
  File "/usr/local/spark/python/lib/py4j-0.10.9.7-src.zip/py4j/clientserver.py", line 516, in send_command
    raise Py4JNetworkError("Answer from Java side is empty")
py4j.protocol.Py4JNetworkError: Answer from Java side is empty
[2026-05-26 04:38:11,437] [INFO] Closing down clientserver connection
[2026-05-26 04:38:11,443] [ERROR] Exception while sending command.
Traceback (most recent call last):
  File "/usr/local/spark/python/lib/py4j-0.10.9.7-src.zip/py4j/clientserver.py", line 516, in send_command
    raise Py4JNetworkError("Answer from Java side is empty")
py4j.protocol.Py4JNetworkError: Answer from Java side is empty

During handling of the above exception, another exception occurred:

Traceback (most recent call last):
  File "/usr/local/spark/python/lib/py4j-0.10.9.7-src.zip/py4j/java_gateway.py", line 1038, in send_command
    response = connection.send_command(command)
               ^^^^^^^^^^^^^^^^^^^^^^^^^^^^^^^^
  File "/usr/local/spark/python/lib/py4j-0.10.9.7-src.zip/py4j/clientserver.py", line 539, in send_command
    raise Py4JNetworkError(
py4j.protocol.Py4JNetworkError: Error while sending or receiving
[2026-05-26 04:38:11,446] [INFO] Closing down clientserver connection
[2026-05-26 04:38:14,187] [INFO] Error while receiving.
Traceback (most recent call last):
  File "/usr/local/spark/python/lib/py4j-0.10.9.7-src.zip/py4j/clientserver.py", line 516, in send_command
    raise Py4JNetworkError("Answer from Java side is empty")
py4j.protocol.Py4JNetworkError: Answer from Java side is empty
[2026-05-26 04:38:14,189] [INFO] Closing down clientserver connection
[2026-05-26 04:38:14,191] [ERROR] Exception while sending command.
Traceback (most recent call last):
  File "/usr/local/spark/python/lib/py4j-0.10.9.7-src.zip/py4j/clientserver.py", line 516, in send_command
    raise Py4JNetworkError("Answer from Java side is empty")
py4j.protocol.Py4JNetworkError: Answer from Java side is empty

During handling of the above exception, another exception occurred:

Traceback (most recent call last):
  File "/usr/local/spark/python/lib/py4j-0.10.9.7-src.zip/py4j/java_gateway.py", line 1038, in send_command
    response = connection.send_command(command)
               ^^^^^^^^^^^^^^^^^^^^^^^^^^^^^^^^
  File "/usr/local/spark/python/lib/py4j-0.10.9.7-src.zip/py4j/clientserver.py", line 539, in send_command
    raise Py4JNetworkError(
py4j.protocol.Py4JNetworkError: Error while sending or receiving
[2026-05-26 04:38:14,193] [INFO] Closing down clientserver connection
[2026-05-26 04:38:14,194] [INFO] Closing down clientserver connection
[2026-05-26 04:38:14,195] [INFO] Closing down clientserver connection
[2026-05-26 04:38:14,196] [INFO] Closing down clientserver connection
[2026-05-26 04:38:14,196] [INFO] Closing down clientserver connection
[2026-05-26 04:38:14,196] [INFO] Closing down clientserver connection
[2026-05-26 04:38:14,197] [INFO] Closing down clientserver connection
[2026-05-26 04:38:35,104] [INFO] Closing down clientserver connection
[2026-05-26 04:38:44,699] [INFO] Closing down clientserver connection
[2026-05-26 04:38:55,457] [ERROR] No such comm target registered: jupyter.widget.control
[2026-05-26 04:38:55,474] [WARNING] No such comm: 18f05b9f-879d-498d-8a55-b7ebe56b2aac
[2026-05-26 04:39:14,693] [INFO] Closing down clientserver connection
[2026-05-26 04:39:14,756] [INFO] Closing down clientserver connection
[2026-05-26 04:39:19,030] [INFO] Closing down clientserver connection
[2026-05-26 04:39:59,898] [INFO] Closing down clientserver connection
[2026-05-26 04:43:48,518] [INFO] Extracting table: marital_status
[2026-05-26 04:43:49,317] [ERROR] Error extracting data from table {table_name}: {e}
[2026-05-26 04:43:49,317] [INFO] Extracting table: education_status
[2026-05-26 04:43:49,318] [ERROR] Error extracting data from table {table_name}: {e}
[2026-05-26 04:43:49,318] [INFO] Extracting table: marketing_campaign_deposit
[2026-05-26 04:43:49,318] [ERROR] Error extracting data from table {table_name}: {e}
[2026-05-26 04:44:29,126] [INFO] Extracting CSV: work/data/new_bank_transaction.csv
[2026-05-26 04:44:40,283] [INFO] Extracting CSV: data/new_bank_transaction.csv
[2026-05-26 04:44:47,073] [INFO] Finished extracting data from data/new_bank_transaction.csv: 1048567 rows, 9 columns
[2026-05-26 04:54:37,473] [INFO] Extracting table: marital_status
[2026-05-26 04:54:37,509] [ERROR] Error extracting data from table {table_name}: {e}
[2026-05-26 04:54:37,509] [INFO] Extracting table: education_status
[2026-05-26 04:54:37,510] [ERROR] Error extracting data from table {table_name}: {e}
[2026-05-26 04:54:37,510] [INFO] Extracting table: marketing_campaign_deposit
[2026-05-26 04:54:37,511] [ERROR] Error extracting data from table {table_name}: {e}
[2026-05-26 04:55:56,883] [INFO] Extracting table: marital_status
[2026-05-26 04:55:58,356] [INFO] Finished extracting data from table marital_status: 3 rows, 4 columns
[2026-05-26 04:55:58,358] [INFO] Extracting table: education_status
[2026-05-26 04:55:58,592] [INFO] Finished extracting data from table education_status: 4 rows, 4 columns
[2026-05-26 04:55:58,593] [INFO] Extracting table: marketing_campaign_deposit
[2026-05-26 04:55:59,032] [INFO] Finished extracting data from table marketing_campaign_deposit: 45211 rows, 20 columns
[2026-05-26 08:20:21,318] [INFO] Extracting table: marital_status
[2026-05-26 08:20:25,255] [INFO] Finished extracting data from table marital_status: 3 rows, 4 columns
[2026-05-26 08:20:25,257] [ERROR] Error extracting data from table marital_status: name 'sheet_name' is not defined
[2026-05-26 08:20:25,258] [INFO] Extracting table: education_status
[2026-05-26 08:20:25,432] [INFO] Finished extracting data from table education_status: 4 rows, 4 columns
[2026-05-26 08:20:25,432] [ERROR] Error extracting data from table education_status: name 'sheet_name' is not defined
[2026-05-26 08:20:25,433] [INFO] Extracting table: marketing_campaign_deposit
[2026-05-26 08:20:25,686] [INFO] Finished extracting data from table marketing_campaign_deposit: 45211 rows, 20 columns
[2026-05-26 08:20:25,687] [ERROR] Error extracting data from table marketing_campaign_deposit: name 'sheet_name' is not defined
[2026-05-26 11:35:48,365] [ERROR] No such comm target registered: jupyter.widget.control
[2026-05-26 11:35:48,386] [WARNING] No such comm: 56a9a938-dc4e-4219-8abb-6a09f2d4d604
[2026-05-28 23:44:29,262] [ERROR] No such comm target registered: jupyter.widget.control
[2026-05-28 23:44:29,283] [WARNING] No such comm: d80bb95b-9564-457e-a3f1-b7debd766658
[2026-05-29 08:52:37,998] [INFO] Error while receiving.
Traceback (most recent call last):
  File "/usr/local/spark/python/lib/py4j-0.10.9.7-src.zip/py4j/clientserver.py", line 516, in send_command
    raise Py4JNetworkError("Answer from Java side is empty")
py4j.protocol.Py4JNetworkError: Answer from Java side is empty
[2026-05-29 08:52:38,034] [INFO] Closing down clientserver connection
[2026-05-29 08:52:38,039] [ERROR] Exception while sending command.
Traceback (most recent call last):
  File "/usr/local/spark/python/lib/py4j-0.10.9.7-src.zip/py4j/clientserver.py", line 516, in send_command
    raise Py4JNetworkError("Answer from Java side is empty")
py4j.protocol.Py4JNetworkError: Answer from Java side is empty

During handling of the above exception, another exception occurred:

Traceback (most recent call last):
  File "/usr/local/spark/python/lib/py4j-0.10.9.7-src.zip/py4j/java_gateway.py", line 1038, in send_command
    response = connection.send_command(command)
               ^^^^^^^^^^^^^^^^^^^^^^^^^^^^^^^^
  File "/usr/local/spark/python/lib/py4j-0.10.9.7-src.zip/py4j/clientserver.py", line 539, in send_command
    raise Py4JNetworkError(
py4j.protocol.Py4JNetworkError: Error while sending or receiving
[2026-05-29 08:52:38,050] [INFO] Closing down clientserver connection
[2026-05-29 08:52:38,849] [INFO] Error while receiving.
Traceback (most recent call last):
  File "/usr/local/spark/python/lib/py4j-0.10.9.7-src.zip/py4j/clientserver.py", line 516, in send_command
    raise Py4JNetworkError("Answer from Java side is empty")
py4j.protocol.Py4JNetworkError: Answer from Java side is empty
[2026-05-29 08:52:38,852] [INFO] Closing down clientserver connection
[2026-05-29 08:52:38,853] [ERROR] Exception while sending command.
Traceback (most recent call last):
  File "/usr/local/spark/python/lib/py4j-0.10.9.7-src.zip/py4j/clientserver.py", line 516, in send_command
    raise Py4JNetworkError("Answer from Java side is empty")
py4j.protocol.Py4JNetworkError: Answer from Java side is empty

During handling of the above exception, another exception occurred:

Traceback (most recent call last):
  File "/usr/local/spark/python/lib/py4j-0.10.9.7-src.zip/py4j/java_gateway.py", line 1038, in send_command
    response = connection.send_command(command)
               ^^^^^^^^^^^^^^^^^^^^^^^^^^^^^^^^
  File "/usr/local/spark/python/lib/py4j-0.10.9.7-src.zip/py4j/clientserver.py", line 539, in send_command
    raise Py4JNetworkError(
py4j.protocol.Py4JNetworkError: Error while sending or receiving
[2026-05-29 08:52:38,855] [INFO] Closing down clientserver connection
[2026-05-29 08:52:38,860] [INFO] Closing down clientserver connection
[2026-05-29 08:52:38,865] [INFO] Closing down clientserver connection
[2026-05-29 08:52:38,866] [INFO] Closing down clientserver connection
[2026-05-29 08:52:38,866] [INFO] Closing down clientserver connection
[2026-05-29 08:52:38,866] [INFO] Closing down clientserver connection
[2026-05-29 08:52:38,867] [INFO] Closing down clientserver connection
[2026-05-29 08:52:38,867] [INFO] Closing down clientserver connection
[2026-05-29 08:52:38,867] [INFO] Closing down clientserver connection
[2026-05-29 08:52:38,867] [INFO] Closing down clientserver connection
[2026-05-29 08:52:38,867] [INFO] Closing down clientserver connection
[2026-05-29 08:52:38,868] [INFO] Closing down clientserver connection
[2026-05-29 08:52:38,868] [INFO] Closing down clientserver connection
[2026-05-29 08:52:38,869] [INFO] Closing down clientserver connection
[2026-05-29 08:52:38,869] [INFO] Closing down clientserver connection
[2026-05-29 08:52:38,869] [INFO] Closing down clientserver connection
[2026-05-29 08:52:38,869] [INFO] Closing down clientserver connection
[2026-05-29 08:52:38,869] [INFO] Closing down clientserver connection
[2026-05-29 08:52:38,869] [INFO] Closing down clientserver connection
[2026-05-29 08:52:38,869] [INFO] Closing down clientserver connection
[2026-05-29 08:52:38,870] [INFO] Closing down clientserver connection
[2026-05-29 08:52:38,870] [INFO] Closing down clientserver connection
[2026-05-29 08:52:38,870] [INFO] Closing down clientserver connection
[2026-05-29 08:52:38,870] [INFO] Closing down clientserver connection
[2026-05-29 08:52:38,870] [INFO] Closing down clientserver connection
[2026-05-29 08:52:38,870] [INFO] Closing down clientserver connection
[2026-05-29 08:52:38,870] [INFO] Closing down clientserver connection
[2026-05-29 08:52:38,871] [INFO] Closing down clientserver connection
[2026-05-29 08:52:38,871] [INFO] Closing down clientserver connection
[2026-05-29 08:52:38,871] [INFO] Closing down clientserver connection
[2026-05-29 08:52:38,871] [INFO] Closing down clientserver connection
[2026-05-29 08:52:38,871] [INFO] Closing down clientserver connection
[2026-05-29 08:52:38,872] [INFO] Closing down clientserver connection
[2026-05-29 08:52:38,872] [INFO] Closing down clientserver connection
[2026-05-29 08:52:38,872] [INFO] Closing down clientserver connection
[2026-05-29 08:52:38,872] [INFO] Closing down clientserver connection
[2026-05-29 08:52:38,872] [INFO] Closing down clientserver connection
[2026-05-29 08:52:38,872] [INFO] Closing down clientserver connection
[2026-05-29 08:52:38,872] [INFO] Closing down clientserver connection
[2026-05-29 08:52:38,873] [INFO] Closing down clientserver connection
[2026-05-29 08:52:38,873] [INFO] Closing down clientserver connection
[2026-05-29 08:52:38,873] [INFO] Closing down clientserver connection
[2026-05-29 08:52:38,873] [INFO] Closing down clientserver connection
[2026-05-29 08:52:38,873] [INFO] Closing down clientserver connection
[2026-05-29 08:52:38,873] [INFO] Closing down clientserver connection
[2026-05-29 08:52:38,874] [INFO] Closing down clientserver connection
[2026-05-29 08:52:38,874] [INFO] Closing down clientserver connection
[2026-05-29 08:52:38,874] [INFO] Closing down clientserver connection
[2026-05-29 08:52:38,874] [INFO] Closing down clientserver connection
[2026-05-29 08:52:38,874] [INFO] Closing down clientserver connection
[2026-05-29 08:52:38,874] [INFO] Closing down clientserver connection
[2026-05-29 08:52:38,874] [INFO] Closing down clientserver connection
[2026-05-29 08:52:38,874] [INFO] Closing down clientserver connection
[2026-05-29 08:52:38,875] [INFO] Closing down clientserver connection
[2026-05-29 08:52:38,875] [INFO] Closing down clientserver connection
[2026-05-29 08:52:38,875] [INFO] Closing down clientserver connection
[2026-05-29 08:52:38,875] [INFO] Closing down clientserver connection
[2026-05-29 08:52:38,875] [INFO] Closing down clientserver connection
[2026-05-29 08:52:38,875] [INFO] Closing down clientserver connection
[2026-05-29 08:52:38,875] [INFO] Closing down clientserver connection
[2026-05-29 08:52:38,876] [INFO] Closing down clientserver connection
[2026-05-29 08:52:38,876] [INFO] Closing down clientserver connection
[2026-05-29 08:52:38,876] [INFO] Closing down clientserver connection
[2026-05-29 08:52:38,876] [INFO] Closing down clientserver connection
[2026-05-29 08:52:38,876] [INFO] Closing down clientserver connection
[2026-05-29 08:52:38,877] [INFO] Closing down clientserver connection
[2026-05-29 08:52:38,877] [INFO] Closing down clientserver connection
[2026-05-29 08:52:38,877] [INFO] Closing down clientserver connection
[2026-05-29 08:52:38,877] [INFO] Closing down clientserver connection
[2026-05-29 08:52:38,877] [INFO] Closing down clientserver connection
[2026-05-29 08:52:38,877] [INFO] Closing down clientserver connection
[2026-05-29 08:52:38,878] [INFO] Closing down clientserver connection
[2026-05-29 08:52:38,878] [INFO] Closing down clientserver connection
[2026-05-29 08:52:38,878] [INFO] Closing down clientserver connection
[2026-05-29 08:52:38,878] [INFO] Closing down clientserver connection
[2026-05-29 08:52:38,878] [INFO] Closing down clientserver connection
[2026-05-29 08:52:38,878] [INFO] Closing down clientserver connection
[2026-05-29 08:52:38,879] [INFO] Closing down clientserver connection
[2026-05-29 08:52:38,879] [INFO] Closing down clientserver connection
[2026-05-29 09:14:49,952] [ERROR] No such comm target registered: jupyter.widget.control
[2026-05-29 09:14:49,964] [WARNING] No such comm: d24e1d98-083a-4e72-aa63-f435116f1c5b
